Archive member included to satisfy reference by file (symbol)

/opt/arm-toolchain/bin/../lib/gcc/arm-none-eabi/6.2.1/thumb/v6-m/libgcc.a(_divsi3.o)
                              /var/folders/y_/45wcg_s93tjcbc86hnb_ymqr0000gn/T//ccQIikcP.o (__aeabi_idiv)
/opt/arm-toolchain/bin/../lib/gcc/arm-none-eabi/6.2.1/thumb/v6-m/libgcc.a(_dvmd_tls.o)
                              /opt/arm-toolchain/bin/../lib/gcc/arm-none-eabi/6.2.1/thumb/v6-m/libgcc.a(_divsi3.o) (__aeabi_idiv0)

Memory Configuration

Name             Origin             Length             Attributes
flash            0x0000000000000000 0x0000000000008000
ram              0x0000000010000000 0x0000000000001d00
*default*        0x0000000000000000 0xffffffffffffffff

Linker script and memory map

                0x0000000010000000                . = ORIGIN (ram)

.text           0x0000000010000000      0x458
 *(.vectors)
 .vectors       0x0000000010000000       0xc0 /var/folders/y_/45wcg_s93tjcbc86hnb_ymqr0000gn/T//ccccCG7O.o
                0x0000000010000000                Vectors
 *(.bcrp)
 .bcrp          0x00000000100000c0       0x94 /var/folders/y_/45wcg_s93tjcbc86hnb_ymqr0000gn/T//ccccCG7O.o
                0x00000000100000c0                Default_Handler
                0x00000000100000ec                exit
                0x00000000100000f0                delay_loop
                0x00000000100000f6                Reset_init
 *(.crp)
 .crp           0x0000000010000154        0x4 /var/folders/y_/45wcg_s93tjcbc86hnb_ymqr0000gn/T//ccccCG7O.o
                0x0000000010000154                CRP
 *(.text)
 .text          0x0000000010000158       0xd0 /var/folders/y_/45wcg_s93tjcbc86hnb_ymqr0000gn/T//ccccCG7O.o
                0x0000000010000158                sys_init
                0x00000000100001e4                clock_init
 .text          0x0000000010000228       0x44 /var/folders/y_/45wcg_s93tjcbc86hnb_ymqr0000gn/T//ccQIikcP.o
                0x0000000010000228                init_systick
                0x000000001000025c                systick_handler
 .text          0x000000001000026c        0x0 /var/folders/y_/45wcg_s93tjcbc86hnb_ymqr0000gn/T//ccEOykUs.o
 .text          0x000000001000026c      0x1d4 /opt/arm-toolchain/bin/../lib/gcc/arm-none-eabi/6.2.1/thumb/v6-m/libgcc.a(_divsi3.o)
                0x000000001000026c                __aeabi_idiv
                0x000000001000026c                __divsi3
                0x0000000010000438                __aeabi_idivmod
 .text          0x0000000010000440        0x4 /opt/arm-toolchain/bin/../lib/gcc/arm-none-eabi/6.2.1/thumb/v6-m/libgcc.a(_dvmd_tls.o)
                0x0000000010000440                __aeabi_ldiv0
                0x0000000010000440                __aeabi_idiv0
 *(.text.startup)
 .text.startup  0x0000000010000444       0x14 /var/folders/y_/45wcg_s93tjcbc86hnb_ymqr0000gn/T//ccEOykUs.o
                0x0000000010000444                main

.rodata.str1.1  0x0000000010000458       0x53
 .rodata.str1.1
                0x0000000010000458       0x2d /var/folders/y_/45wcg_s93tjcbc86hnb_ymqr0000gn/T//ccccCG7O.o
 .rodata.str1.1
                0x0000000010000485       0x1f /var/folders/y_/45wcg_s93tjcbc86hnb_ymqr0000gn/T//ccQIikcP.o
 .rodata.str1.1
                0x00000000100004a4        0x7 /var/folders/y_/45wcg_s93tjcbc86hnb_ymqr0000gn/T//ccEOykUs.o

.glue_7         0x00000000100004ac        0x0
 .glue_7        0x00000000100004ac        0x0 linker stubs

.glue_7t        0x00000000100004ac        0x0
 .glue_7t       0x00000000100004ac        0x0 linker stubs

.vfp11_veneer   0x00000000100004ac        0x0
 .vfp11_veneer  0x00000000100004ac        0x0 linker stubs

.v4_bx          0x00000000100004ac        0x0
 .v4_bx         0x00000000100004ac        0x0 linker stubs

.iplt           0x00000000100004ac        0x0
 .iplt          0x00000000100004ac        0x0 /var/folders/y_/45wcg_s93tjcbc86hnb_ymqr0000gn/T//ccccCG7O.o

.rel.dyn        0x00000000100004ac        0x0
 .rel.iplt      0x00000000100004ac        0x0 /var/folders/y_/45wcg_s93tjcbc86hnb_ymqr0000gn/T//ccccCG7O.o
                0x0000000010000000                . = ORIGIN (ram)

.data           0x00000000100004ab        0x0
                0x00000000100004ab                INIT_DATA_VALUES = LOADADDR (.data)
                0x00000000100004ab                INIT_DATA_START = .
 *(.data)
 .data          0x00000000100004ab        0x0 /var/folders/y_/45wcg_s93tjcbc86hnb_ymqr0000gn/T//ccccCG7O.o
 .data          0x00000000100004ab        0x0 /var/folders/y_/45wcg_s93tjcbc86hnb_ymqr0000gn/T//ccQIikcP.o
 .data          0x00000000100004ab        0x0 /var/folders/y_/45wcg_s93tjcbc86hnb_ymqr0000gn/T//ccEOykUs.o
 .data          0x00000000100004ab        0x0 /opt/arm-toolchain/bin/../lib/gcc/arm-none-eabi/6.2.1/thumb/v6-m/libgcc.a(_divsi3.o)
 .data          0x00000000100004ab        0x0 /opt/arm-toolchain/bin/../lib/gcc/arm-none-eabi/6.2.1/thumb/v6-m/libgcc.a(_dvmd_tls.o)
                0x00000000100004ab                INIT_DATA_END = .
                0x00000000100004ab                BSS_START = .
                0x00000000100004ab                __bss_start__ = .

.igot.plt       0x00000000100004ac        0x0
 .igot.plt      0x00000000100004ac        0x0 /var/folders/y_/45wcg_s93tjcbc86hnb_ymqr0000gn/T//ccccCG7O.o

.bss            0x00000000100004ab        0x0
 *(.bss)
 .bss           0x00000000100004ab        0x0 /var/folders/y_/45wcg_s93tjcbc86hnb_ymqr0000gn/T//ccccCG7O.o
 .bss           0x00000000100004ab        0x0 /var/folders/y_/45wcg_s93tjcbc86hnb_ymqr0000gn/T//ccQIikcP.o
 .bss           0x00000000100004ab        0x0 /var/folders/y_/45wcg_s93tjcbc86hnb_ymqr0000gn/T//ccEOykUs.o
 .bss           0x00000000100004ab        0x0 /opt/arm-toolchain/bin/../lib/gcc/arm-none-eabi/6.2.1/thumb/v6-m/libgcc.a(_divsi3.o)
 .bss           0x00000000100004ab        0x0 /opt/arm-toolchain/bin/../lib/gcc/arm-none-eabi/6.2.1/thumb/v6-m/libgcc.a(_dvmd_tls.o)
                0x00000000100004ab                BSS_END = .
                0x00000000100004ab                __bss_end__ = .
LOAD /var/folders/y_/45wcg_s93tjcbc86hnb_ymqr0000gn/T//ccccCG7O.o
LOAD /var/folders/y_/45wcg_s93tjcbc86hnb_ymqr0000gn/T//ccQIikcP.o
LOAD /var/folders/y_/45wcg_s93tjcbc86hnb_ymqr0000gn/T//ccEOykUs.o
START GROUP
LOAD /opt/arm-toolchain/bin/../lib/gcc/arm-none-eabi/6.2.1/thumb/v6-m/libgcc.a
LOAD /opt/arm-toolchain/bin/../lib/gcc/arm-none-eabi/6.2.1/../../../../arm-none-eabi/lib/thumb/v6-m/libg.a
LOAD /opt/arm-toolchain/bin/../lib/gcc/arm-none-eabi/6.2.1/../../../../arm-none-eabi/lib/thumb/v6-m/libc.a
END GROUP
OUTPUT(code.elf elf32-littlearm)

.debug_info     0x0000000000000000      0x751
 .debug_info    0x0000000000000000      0x38d /var/folders/y_/45wcg_s93tjcbc86hnb_ymqr0000gn/T//ccccCG7O.o
 .debug_info    0x000000000000038d      0x1ed /var/folders/y_/45wcg_s93tjcbc86hnb_ymqr0000gn/T//ccQIikcP.o
 .debug_info    0x000000000000057a      0x1d7 /var/folders/y_/45wcg_s93tjcbc86hnb_ymqr0000gn/T//ccEOykUs.o

.debug_abbrev   0x0000000000000000      0x340
 .debug_abbrev  0x0000000000000000      0x194 /var/folders/y_/45wcg_s93tjcbc86hnb_ymqr0000gn/T//ccccCG7O.o
 .debug_abbrev  0x0000000000000194       0xe4 /var/folders/y_/45wcg_s93tjcbc86hnb_ymqr0000gn/T//ccQIikcP.o
 .debug_abbrev  0x0000000000000278       0xc8 /var/folders/y_/45wcg_s93tjcbc86hnb_ymqr0000gn/T//ccEOykUs.o

.debug_loc      0x0000000000000000       0xcf
 .debug_loc     0x0000000000000000       0xa3 /var/folders/y_/45wcg_s93tjcbc86hnb_ymqr0000gn/T//ccccCG7O.o
 .debug_loc     0x00000000000000a3       0x2c /var/folders/y_/45wcg_s93tjcbc86hnb_ymqr0000gn/T//ccQIikcP.o

.debug_aranges  0x0000000000000000       0x80
 .debug_aranges
                0x0000000000000000       0x40 /var/folders/y_/45wcg_s93tjcbc86hnb_ymqr0000gn/T//ccccCG7O.o
 .debug_aranges
                0x0000000000000040       0x20 /var/folders/y_/45wcg_s93tjcbc86hnb_ymqr0000gn/T//ccQIikcP.o
 .debug_aranges
                0x0000000000000060       0x20 /var/folders/y_/45wcg_s93tjcbc86hnb_ymqr0000gn/T//ccEOykUs.o

.debug_ranges   0x0000000000000000       0x40
 .debug_ranges  0x0000000000000000       0x30 /var/folders/y_/45wcg_s93tjcbc86hnb_ymqr0000gn/T//ccccCG7O.o
 .debug_ranges  0x0000000000000030       0x10 /var/folders/y_/45wcg_s93tjcbc86hnb_ymqr0000gn/T//ccEOykUs.o

.debug_line     0x0000000000000000      0x178
 .debug_line    0x0000000000000000       0xd6 /var/folders/y_/45wcg_s93tjcbc86hnb_ymqr0000gn/T//ccccCG7O.o
 .debug_line    0x00000000000000d6       0x58 /var/folders/y_/45wcg_s93tjcbc86hnb_ymqr0000gn/T//ccQIikcP.o
 .debug_line    0x000000000000012e       0x4a /var/folders/y_/45wcg_s93tjcbc86hnb_ymqr0000gn/T//ccEOykUs.o

.debug_str      0x0000000000000000      0x27f
 .debug_str     0x0000000000000000      0x248 /var/folders/y_/45wcg_s93tjcbc86hnb_ymqr0000gn/T//ccccCG7O.o
 .debug_str     0x0000000000000248       0x30 /var/folders/y_/45wcg_s93tjcbc86hnb_ymqr0000gn/T//ccQIikcP.o
                                        0x1c1 (size before relaxing)
 .debug_str     0x0000000000000278        0x7 /var/folders/y_/45wcg_s93tjcbc86hnb_ymqr0000gn/T//ccEOykUs.o
                                        0x1aa (size before relaxing)

.comment        0x0000000000000000       0x6e
 .comment       0x0000000000000000       0x6e /var/folders/y_/45wcg_s93tjcbc86hnb_ymqr0000gn/T//ccccCG7O.o
                                         0x6f (size before relaxing)
 .comment       0x000000000000006e       0x6f /var/folders/y_/45wcg_s93tjcbc86hnb_ymqr0000gn/T//ccQIikcP.o
 .comment       0x000000000000006e       0x6f /var/folders/y_/45wcg_s93tjcbc86hnb_ymqr0000gn/T//ccEOykUs.o

.ARM.attributes
                0x0000000000000000       0x31
 .ARM.attributes
                0x0000000000000000       0x31 /var/folders/y_/45wcg_s93tjcbc86hnb_ymqr0000gn/T//ccccCG7O.o
 .ARM.attributes
                0x0000000000000031       0x31 /var/folders/y_/45wcg_s93tjcbc86hnb_ymqr0000gn/T//ccQIikcP.o
 .ARM.attributes
                0x0000000000000062       0x31 /var/folders/y_/45wcg_s93tjcbc86hnb_ymqr0000gn/T//ccEOykUs.o
 .ARM.attributes
                0x0000000000000093       0x1e /opt/arm-toolchain/bin/../lib/gcc/arm-none-eabi/6.2.1/thumb/v6-m/libgcc.a(_divsi3.o)
 .ARM.attributes
                0x00000000000000b1       0x1e /opt/arm-toolchain/bin/../lib/gcc/arm-none-eabi/6.2.1/thumb/v6-m/libgcc.a(_dvmd_tls.o)

.debug_frame    0x0000000000000000      0x10c
 .debug_frame   0x0000000000000000       0x84 /var/folders/y_/45wcg_s93tjcbc86hnb_ymqr0000gn/T//ccccCG7O.o
 .debug_frame   0x0000000000000084       0x40 /var/folders/y_/45wcg_s93tjcbc86hnb_ymqr0000gn/T//ccQIikcP.o
 .debug_frame   0x00000000000000c4       0x28 /var/folders/y_/45wcg_s93tjcbc86hnb_ymqr0000gn/T//ccEOykUs.o
 .debug_frame   0x00000000000000ec       0x20 /opt/arm-toolchain/bin/../lib/gcc/arm-none-eabi/6.2.1/thumb/v6-m/libgcc.a(_divsi3.o)
